D:/EmbeddedSystem/STM32CubeL4/Drivers/STM32L4xx_HAL_Driver/Src/stm32l4xx_hal_uart.c:327:19:HAL_UART_Init	16	static
D:/EmbeddedSystem/STM32CubeL4/Drivers/STM32L4xx_HAL_Driver/Src/stm32l4xx_hal_uart.c:402:19:HAL_HalfDuplex_Init	16	static
D:/EmbeddedSystem/STM32CubeL4/Drivers/STM32L4xx_HAL_Driver/Src/stm32l4xx_hal_uart.c:477:19:HAL_LIN_Init	16	static
D:/EmbeddedSystem/STM32CubeL4/Drivers/STM32L4xx_HAL_Driver/Src/stm32l4xx_hal_uart.c:576:19:HAL_MultiProcessor_Init	24	static
D:/EmbeddedSystem/STM32CubeL4/Drivers/STM32L4xx_HAL_Driver/Src/stm32l4xx_hal_uart.c:652:19:HAL_UART_DeInit	16	static
D:/EmbeddedSystem/STM32CubeL4/Drivers/STM32L4xx_HAL_Driver/Src/stm32l4xx_hal_uart.c:699:13:HAL_UART_MspInit	16	static
D:/EmbeddedSystem/STM32CubeL4/Drivers/STM32L4xx_HAL_Driver/Src/stm32l4xx_hal_uart.c:714:13:HAL_UART_MspDeInit	16	static
D:/EmbeddedSystem/STM32CubeL4/Drivers/STM32L4xx_HAL_Driver/Src/stm32l4xx_hal_uart.c:1148:19:HAL_UART_Transmit	48	static
D:/EmbeddedSystem/STM32CubeL4/Drivers/STM32L4xx_HAL_Driver/Src/stm32l4xx_hal_uart.c:1238:19:HAL_UART_Receive	48	static
D:/EmbeddedSystem/STM32CubeL4/Drivers/STM32L4xx_HAL_Driver/Src/stm32l4xx_hal_uart.c:1322:19:HAL_UART_Transmit_IT	48	static,ignoring_inline_asm
D:/EmbeddedSystem/STM32CubeL4/Drivers/STM32L4xx_HAL_Driver/Src/stm32l4xx_hal_uart.c:1405:19:HAL_UART_Receive_IT	48	static,ignoring_inline_asm
D:/EmbeddedSystem/STM32CubeL4/Drivers/STM32L4xx_HAL_Driver/Src/stm32l4xx_hal_uart.c:1446:19:HAL_UART_Transmit_DMA	48	static,ignoring_inline_asm
D:/EmbeddedSystem/STM32CubeL4/Drivers/STM32L4xx_HAL_Driver/Src/stm32l4xx_hal_uart.c:1516:19:HAL_UART_Receive_DMA	48	static,ignoring_inline_asm
D:/EmbeddedSystem/STM32CubeL4/Drivers/STM32L4xx_HAL_Driver/Src/stm32l4xx_hal_uart.c:1552:19:HAL_UART_DMAPause	120	static,ignoring_inline_asm
D:/EmbeddedSystem/STM32CubeL4/Drivers/STM32L4xx_HAL_Driver/Src/stm32l4xx_hal_uart.c:1582:19:HAL_UART_DMAResume	112	static,ignoring_inline_asm
D:/EmbeddedSystem/STM32CubeL4/Drivers/STM32L4xx_HAL_Driver/Src/stm32l4xx_hal_uart.c:1613:19:HAL_UART_DMAStop	72	static,ignoring_inline_asm
D:/EmbeddedSystem/STM32CubeL4/Drivers/STM32L4xx_HAL_Driver/Src/stm32l4xx_hal_uart.c:1688:19:HAL_UART_Abort	136	static,ignoring_inline_asm
D:/EmbeddedSystem/STM32CubeL4/Drivers/STM32L4xx_HAL_Driver/Src/stm32l4xx_hal_uart.c:1799:19:HAL_UART_AbortTransmit	64	static,ignoring_inline_asm
D:/EmbeddedSystem/STM32CubeL4/Drivers/STM32L4xx_HAL_Driver/Src/stm32l4xx_hal_uart.c:1865:19:HAL_UART_AbortReceive	112	static,ignoring_inline_asm
D:/EmbeddedSystem/STM32CubeL4/Drivers/STM32L4xx_HAL_Driver/Src/stm32l4xx_hal_uart.c:1939:19:HAL_UART_Abort_IT	144	static,ignoring_inline_asm
D:/EmbeddedSystem/STM32CubeL4/Drivers/STM32L4xx_HAL_Driver/Src/stm32l4xx_hal_uart.c:2099:19:HAL_UART_AbortTransmit_IT	64	static,ignoring_inline_asm
D:/EmbeddedSystem/STM32CubeL4/Drivers/STM32L4xx_HAL_Driver/Src/stm32l4xx_hal_uart.c:2196:19:HAL_UART_AbortReceive_IT	112	static,ignoring_inline_asm
D:/EmbeddedSystem/STM32CubeL4/Drivers/STM32L4xx_HAL_Driver/Src/stm32l4xx_hal_uart.c:2294:6:HAL_UART_IRQHandler	240	static,ignoring_inline_asm
D:/EmbeddedSystem/STM32CubeL4/Drivers/STM32L4xx_HAL_Driver/Src/stm32l4xx_hal_uart.c:2683:13:HAL_UART_TxCpltCallback	16	static
D:/EmbeddedSystem/STM32CubeL4/Drivers/STM32L4xx_HAL_Driver/Src/stm32l4xx_hal_uart.c:2698:13:HAL_UART_TxHalfCpltCallback	16	static
D:/EmbeddedSystem/STM32CubeL4/Drivers/STM32L4xx_HAL_Driver/Src/stm32l4xx_hal_uart.c:2713:13:HAL_UART_RxCpltCallback	16	static
D:/EmbeddedSystem/STM32CubeL4/Drivers/STM32L4xx_HAL_Driver/Src/stm32l4xx_hal_uart.c:2728:13:HAL_UART_RxHalfCpltCallback	16	static
D:/EmbeddedSystem/STM32CubeL4/Drivers/STM32L4xx_HAL_Driver/Src/stm32l4xx_hal_uart.c:2743:13:HAL_UART_ErrorCallback	16	static
D:/EmbeddedSystem/STM32CubeL4/Drivers/STM32L4xx_HAL_Driver/Src/stm32l4xx_hal_uart.c:2758:13:HAL_UART_AbortCpltCallback	16	static
D:/EmbeddedSystem/STM32CubeL4/Drivers/STM32L4xx_HAL_Driver/Src/stm32l4xx_hal_uart.c:2773:13:HAL_UART_AbortTransmitCpltCallback	16	static
D:/EmbeddedSystem/STM32CubeL4/Drivers/STM32L4xx_HAL_Driver/Src/stm32l4xx_hal_uart.c:2788:13:HAL_UART_AbortReceiveCpltCallback	16	static
D:/EmbeddedSystem/STM32CubeL4/Drivers/STM32L4xx_HAL_Driver/Src/stm32l4xx_hal_uart.c:2805:13:HAL_UARTEx_RxEventCallback	16	static
D:/EmbeddedSystem/STM32CubeL4/Drivers/STM32L4xx_HAL_Driver/Src/stm32l4xx_hal_uart.c:2853:6:HAL_UART_ReceiverTimeout_Config	16	static
D:/EmbeddedSystem/STM32CubeL4/Drivers/STM32L4xx_HAL_Driver/Src/stm32l4xx_hal_uart.c:2868:19:HAL_UART_EnableReceiverTimeout	16	static
D:/EmbeddedSystem/STM32CubeL4/Drivers/STM32L4xx_HAL_Driver/Src/stm32l4xx_hal_uart.c:2906:19:HAL_UART_DisableReceiverTimeout	16	static
D:/EmbeddedSystem/STM32CubeL4/Drivers/STM32L4xx_HAL_Driver/Src/stm32l4xx_hal_uart.c:2944:19:HAL_MultiProcessor_EnableMuteMode	40	static,ignoring_inline_asm
D:/EmbeddedSystem/STM32CubeL4/Drivers/STM32L4xx_HAL_Driver/Src/stm32l4xx_hal_uart.c:2964:19:HAL_MultiProcessor_DisableMuteMode	40	static,ignoring_inline_asm
D:/EmbeddedSystem/STM32CubeL4/Drivers/STM32L4xx_HAL_Driver/Src/stm32l4xx_hal_uart.c:2984:6:HAL_MultiProcessor_EnterMuteMode	16	static
D:/EmbeddedSystem/STM32CubeL4/Drivers/STM32L4xx_HAL_Driver/Src/stm32l4xx_hal_uart.c:2994:19:HAL_HalfDuplex_EnableTransmitter	64	static,ignoring_inline_asm
D:/EmbeddedSystem/STM32CubeL4/Drivers/STM32L4xx_HAL_Driver/Src/stm32l4xx_hal_uart.c:3017:19:HAL_HalfDuplex_EnableReceiver	64	static,ignoring_inline_asm
D:/EmbeddedSystem/STM32CubeL4/Drivers/STM32L4xx_HAL_Driver/Src/stm32l4xx_hal_uart.c:3041:19:HAL_LIN_SendBreak	16	static
D:/EmbeddedSystem/STM32CubeL4/Drivers/STM32L4xx_HAL_Driver/Src/stm32l4xx_hal_uart.c:3086:23:HAL_UART_GetState	24	static
D:/EmbeddedSystem/STM32CubeL4/Drivers/STM32L4xx_HAL_Driver/Src/stm32l4xx_hal_uart.c:3102:10:HAL_UART_GetError	16	static
D:/EmbeddedSystem/STM32CubeL4/Drivers/STM32L4xx_HAL_Driver/Src/stm32l4xx_hal_uart.c:3150:19:UART_SetConfig	72	static
D:/EmbeddedSystem/STM32CubeL4/Drivers/STM32L4xx_HAL_Driver/Src/stm32l4xx_hal_uart.c:3405:6:UART_AdvFeatureConfig	16	static
D:/EmbeddedSystem/STM32CubeL4/Drivers/STM32L4xx_HAL_Driver/Src/stm32l4xx_hal_uart.c:3479:19:UART_CheckIdleState	104	static,ignoring_inline_asm
D:/EmbeddedSystem/STM32CubeL4/Drivers/STM32L4xx_HAL_Driver/Src/stm32l4xx_hal_uart.c:3556:19:UART_WaitOnFlagUntilTimeout	24	static
D:/EmbeddedSystem/STM32CubeL4/Drivers/STM32L4xx_HAL_Driver/Src/stm32l4xx_hal_uart.c:3624:19:UART_Start_Receive_IT	96	static,ignoring_inline_asm
D:/EmbeddedSystem/STM32CubeL4/Drivers/STM32L4xx_HAL_Driver/Src/stm32l4xx_hal_uart.c:3718:19:UART_Start_Receive_DMA	96	static,ignoring_inline_asm
D:/EmbeddedSystem/STM32CubeL4/Drivers/STM32L4xx_HAL_Driver/Src/stm32l4xx_hal_uart.c:3775:13:UART_EndTxTransfer	40	static,ignoring_inline_asm
D:/EmbeddedSystem/STM32CubeL4/Drivers/STM32L4xx_HAL_Driver/Src/stm32l4xx_hal_uart.c:3796:13:UART_EndRxTransfer	88	static,ignoring_inline_asm
D:/EmbeddedSystem/STM32CubeL4/Drivers/STM32L4xx_HAL_Driver/Src/stm32l4xx_hal_uart.c:3827:13:UART_DMATransmitCplt	72	static,ignoring_inline_asm
D:/EmbeddedSystem/STM32CubeL4/Drivers/STM32L4xx_HAL_Driver/Src/stm32l4xx_hal_uart.c:3861:13:UART_DMATxHalfCplt	24	static
D:/EmbeddedSystem/STM32CubeL4/Drivers/STM32L4xx_HAL_Driver/Src/stm32l4xx_hal_uart.c:3879:13:UART_DMAReceiveCplt	120	static,ignoring_inline_asm
D:/EmbeddedSystem/STM32CubeL4/Drivers/STM32L4xx_HAL_Driver/Src/stm32l4xx_hal_uart.c:3952:13:UART_DMARxHalfCplt	24	static
D:/EmbeddedSystem/STM32CubeL4/Drivers/STM32L4xx_HAL_Driver/Src/stm32l4xx_hal_uart.c:4000:13:UART_DMAError	32	static
D:/EmbeddedSystem/STM32CubeL4/Drivers/STM32L4xx_HAL_Driver/Src/stm32l4xx_hal_uart.c:4040:13:UART_DMAAbortOnError	24	static
D:/EmbeddedSystem/STM32CubeL4/Drivers/STM32L4xx_HAL_Driver/Src/stm32l4xx_hal_uart.c:4062:13:UART_DMATxAbortCallback	24	static
D:/EmbeddedSystem/STM32CubeL4/Drivers/STM32L4xx_HAL_Driver/Src/stm32l4xx_hal_uart.c:4119:13:UART_DMARxAbortCallback	24	static
D:/EmbeddedSystem/STM32CubeL4/Drivers/STM32L4xx_HAL_Driver/Src/stm32l4xx_hal_uart.c:4171:13:UART_DMATxOnlyAbortCallback	24	static
D:/EmbeddedSystem/STM32CubeL4/Drivers/STM32L4xx_HAL_Driver/Src/stm32l4xx_hal_uart.c:4206:13:UART_DMARxOnlyAbortCallback	24	static
D:/EmbeddedSystem/STM32CubeL4/Drivers/STM32L4xx_HAL_Driver/Src/stm32l4xx_hal_uart.c:4239:13:UART_TxISR_8BIT	64	static,ignoring_inline_asm
D:/EmbeddedSystem/STM32CubeL4/Drivers/STM32L4xx_HAL_Driver/Src/stm32l4xx_hal_uart.c:4272:13:UART_TxISR_16BIT	72	static,ignoring_inline_asm
D:/EmbeddedSystem/STM32CubeL4/Drivers/STM32L4xx_HAL_Driver/Src/stm32l4xx_hal_uart.c:4391:13:UART_EndTransmit_IT	40	static,ignoring_inline_asm
D:/EmbeddedSystem/STM32CubeL4/Drivers/STM32L4xx_HAL_Driver/Src/stm32l4xx_hal_uart.c:4416:13:UART_RxISR_8BIT	120	static,ignoring_inline_asm
D:/EmbeddedSystem/STM32CubeL4/Drivers/STM32L4xx_HAL_Driver/Src/stm32l4xx_hal_uart.c:4511:13:UART_RxISR_16BIT	120	static,ignoring_inline_asm
