D:/EmbeddedSystem/STM32CubeL4/Projects/B-L475E-IOT01A/Applications/WiFi/WiFi_Client_Server/Src/main.c:81:5:main	10
D:/EmbeddedSystem/STM32CubeL4/Projects/B-L475E-IOT01A/Applications/WiFi/WiFi_Client_Server/Src/main.c:244:13:SystemClock_Config	3
D:/EmbeddedSystem/STM32CubeL4/Projects/B-L475E-IOT01A/Applications/WiFi/WiFi_Client_Server/Src/main.c:287:1:__io_putchar	1
D:/EmbeddedSystem/STM32CubeL4/Projects/B-L475E-IOT01A/Applications/WiFi/WiFi_Client_Server/Src/main.c:322:6:HAL_GPIO_EXTI_Callback	2
D:/EmbeddedSystem/STM32CubeL4/Projects/B-L475E-IOT01A/Applications/WiFi/WiFi_Client_Server/Src/main.c:338:6:SPI3_IRQHandler	1
